Microsemi Libero Software
Version: 11.8.0.26
Release: v11.8

Info: The design W:/OneDrive - Hanoi University of Science and
      Technology/TaiLieuMonHoc/IT4251_ThietKeIC/ThucHanh/Actel ProASIC3 LC Starter
      Kit/LabAssignments/01_dip_switch_actel/designer/impl1/simple_dip_switch.adb was last
      modified by software version 11.8.0.26.
Opened an existing Libero design W:/OneDrive - Hanoi University of Science and
Technology/TaiLieuMonHoc/IT4251_ThietKeIC/ThucHanh/Actel ProASIC3 LC Starter
Kit/LabAssignments/01_dip_switch_actel/designer/impl1/simple_dip_switch.adb.

The Export-map command succeeded ( 00:00:11 )
Wrote to the file: W:\OneDrive - Hanoi University of Science and
Technology\TaiLieuMonHoc\IT4251_ThietKeIC\ThucHanh\Actel ProASIC3 LC Starter
Kit\LabAssignments\01_dip_switch_actel\designer\impl1\simple_dip_switch.pdb
CHECKSUM: D089

The Generate programming file command succeeded ( 00:00:12 )
Design saved to file W:/OneDrive - Hanoi University of Science and
Technology/TaiLieuMonHoc/IT4251_ThietKeIC/ThucHanh/Actel ProASIC3 LC Starter
Kit/LabAssignments/01_dip_switch_actel/designer/impl1/simple_dip_switch.adb.

The Execute Script command succeeded ( 00:00:14 )
Design closed.

